// Jest Snapshot v1, https://goo.gl/fbAQLP

exports[`<Attributes /> renders 1`] = `
<ContextConsumer>
  <Component />
</ContextConsumer>
`;

exports[`<Attributes /> renders with an attribute 1`] = `
<ContextConsumer>
  <Component />
</ContextConsumer>
`;
